[relaxdestination.com/index.html]
[backblue.gif]
[fade.gif]
[index.html]
[relaxdestination.com/resources/images/logos/logo.png]
[relaxdestination.com/resources/images/logos/logo-with-text.png]
[relaxdestination.com/book-now.html]
[relaxdestination.com/validation.html]
[relaxdestination.com/faq.html]
[relaxdestination.com/resources/images/services/cupping-therapy.jpg]
[relaxdestination.com/resources/images/services/1.png]
[relaxdestination.com/resources/images/services/deep-tissue.jpg]
[relaxdestination.com/resources/images/services/2.png]
[relaxdestination.com/resources/images/services/hot-stone-massage.jpg]
[relaxdestination.com/resources/images/services/3.png]
[relaxdestination.com/resources/images/services/nuru-massage.jpg]
[relaxdestination.com/resources/images/services/4.png]
[relaxdestination.com/resources/images/services/swedish-massage.jpg]
[relaxdestination.com/resources/images/services/5.png]
[relaxdestination.com/resources/images/services/hookup1.jpg]
[relaxdestination.com/resources/images/services/6.png]
[relaxdestination.com/resources/images/safeties/vetted.png]
[relaxdestination.com/resources/images/safeties/always-protected.png]
[relaxdestination.com/resources/images/safeties/background-checked.png]
[relaxdestination.com/resources/images/safeties/247-support.png]
[relaxdestination.com/resources/images/safeties/secure-payment.png]
[relaxdestination.com/resources/images/safeties/review-system.png]
[relaxdestination.com/resources/images/safeties/scam-prevention.png]
[relaxdestination.com/resources/images/safeties/health-and-cleanliness.png]
[relaxdestination.com/resources/images/covid-19/check-temperature.jpg]
[relaxdestination.com/resources/images/testimonials/Jorge-Reid.png]
[relaxdestination.com/resources/images/testimonials/Katrina-Brooks.jpg]
[relaxdestination.com/resources/images/testimonials/Samuel-Ross.png]
[relaxdestination.com/resources/libs/jquery-3.5.1/jquery-3.5.1.slim.min.js]
[relaxdestination.com/resources/libs/bootstrap-4.6.0/js/bootstrap.bundle.js]
[relaxdestination.com/resources/libs/owlcarousel2-2.3.4/dist/owl.carousel.min.js]
[relaxdestination.com/resources/libs/wow-1.3.0/dist/wow.min.js]
[relaxdestination.com/resources/js/main.js]
[relaxdestination.com/index.html]
[relaxdestination.com/resources/libs/icons/fontawesome-5.15.2/webfonts/fa-brands-400.eot]
[relaxdestination.com/resources/libs/icons/fontawesome-5.15.2/webfonts/fa-brands-400d41d.eot]
[relaxdestination.com/resources/libs/icons/fontawesome-5.15.2/webfonts/fa-brands-400.woff2]
[relaxdestination.com/resources/libs/icons/fontawesome-5.15.2/webfonts/fa-brands-400.woff]
[relaxdestination.com/resources/libs/icons/fontawesome-5.15.2/webfonts/fa-brands-400.ttf]
[relaxdestination.com/resources/libs/icons/fontawesome-5.15.2/webfonts/fa-regular-400.eot]
[relaxdestination.com/resources/libs/icons/fontawesome-5.15.2/webfonts/fa-regular-400d41d.eot]
[relaxdestination.com/resources/libs/icons/fontawesome-5.15.2/webfonts/fa-regular-400.woff2]
[relaxdestination.com/resources/libs/icons/fontawesome-5.15.2/webfonts/fa-regular-400.woff]
[relaxdestination.com/resources/libs/icons/fontawesome-5.15.2/webfonts/fa-regular-400.ttf]
[relaxdestination.com/resources/libs/icons/fontawesome-5.15.2/webfonts/fa-solid-900.eot]
[relaxdestination.com/resources/libs/icons/fontawesome-5.15.2/webfonts/fa-solid-900d41d.eot]
[relaxdestination.com/resources/libs/icons/fontawesome-5.15.2/webfonts/fa-solid-900.woff2]
[relaxdestination.com/resources/libs/icons/fontawesome-5.15.2/webfonts/fa-solid-900.woff]
[relaxdestination.com/resources/libs/icons/fontawesome-5.15.2/webfonts/fa-solid-900.ttf]
[relaxdestination.com/resources/libs/icons/fontawesome-5.15.2/css/all.min.css]
[relaxdestination.com/resources/libs/bootstrap-4.6.0/css/bootstrap.min.css]
[relaxdestination.com/resources/libs/owlcarousel2-2.3.4/dist/assets/owl.video.play.png]
[relaxdestination.com/resources/libs/owlcarousel2-2.3.4/dist/assets/owl.carousel.min.css]
[relaxdestination.com/resources/libs/owlcarousel2-2.3.4/dist/assets/owl.theme.default.min.css]
[relaxdestination.com/resources/libs/wow-1.3.0/css/libs/animate.css]
[relaxdestination.com/resources/css/main.css]
[relaxdestination.com/resources/css/custom.css]
[relaxdestination.com/resources/css/responsive.css]
[relaxdestination.com/index-2.html]
[relaxdestination.com/book-now.html]
[relaxdestination.com/validation.html]
[relaxdestination.com/faq.html]
[relaxdestination.com/resources/libs/icons/fontawesome-5.15.2/webfonts/fa-brands-400.svg]
[relaxdestination.com/resources/libs/icons/fontawesome-5.15.2/webfonts/fa-regular-400.svg]
[relaxdestination.com/resources/libs/icons/fontawesome-5.15.2/webfonts/fa-solid-900.svg]
[relaxdestination.com/index-2.html]
